[INFO] Scanning for projects...
[INFO] 
[INFO] -------------------< com.ledgerly:ledgerly-backend >--------------------
[INFO] Building ledgerly-backend 0.0.1-SNAPSHOT
[INFO]   from pom.xml
[INFO] --------------------------------[ jar ]---------------------------------
[INFO] 
[INFO] >>> spring-boot:3.4.5:run (default-cli) > test-compile @ ledgerly-backend >>>
[INFO] 
[INFO] --- resources:3.3.1:resources (default-resources) @ ledgerly-backend ---
[INFO] Copying 1 resource from src\main\resources to target\classes
[INFO] Copying 8 resources from src\main\resources to target\classes
[INFO] 
[INFO] --- compiler:3.13.0:compile (default-compile) @ ledgerly-backend ---
[INFO] Nothing to compile - all classes are up to date.
[INFO] 
[INFO] --- resources:3.3.1:testResources (default-testResources) @ ledgerly-backend ---
[INFO] skip non existing resourceDirectory C:\Users\Arpan\Desktop\ledgerly\backend\src\test\resources
[INFO] 
[INFO] --- compiler:3.13.0:testCompile (default-testCompile) @ ledgerly-backend ---
[INFO] No sources to compile
[INFO] 
[INFO] <<< spring-boot:3.4.5:run (default-cli) < test-compile @ ledgerly-backend <<<
[INFO] 
[INFO] 
[INFO] --- spring-boot:3.4.5:run (default-cli) @ ledgerly-backend ---
[INFO] Attaching agents: []

  .   ____          _            __ _ _
 /\\ / ___'_ __ _ _(_)_ __  __ _ \ \ \ \
( ( )\___ | '_ | '_| | '_ \/ _` | \ \ \ \
 \\/  ___)| |_)| | | | | || (_| |  ) ) ) )
  '  |____| .__|_| |_|_| |_\__, | / / / /
 =========|_|==============|___/=/_/_/_/

 :: Spring Boot ::                (v3.4.5)

2026-10-04T23:21:55.434+05:30  INFO 26340 --- [ledgerly] [           main] com.ledgerly.LedgerlyApplication         : Starting LedgerlyApplication using Java 21.0.10 with PID 26340 (C:\Users\Arpan\Desktop\ledgerly\backend\target\classes started by Arpan in C:\Users\Arpan\Desktop\ledgerly\backend)
2026-10-04T23:21:55.437+05:30  INFO 26340 --- [ledgerly] [           main] com.ledgerly.LedgerlyApplication         : No active profile set, falling back to 1 default profile: "default"
2026-10-04T23:21:56.222+05:30  INFO 26340 --- [ledgerly] [           main] o.s.b.w.embedded.tomcat.TomcatWebServer  : Tomcat initialized with port 8081 (http)
2026-10-04T23:21:56.234+05:30  INFO 26340 --- [ledgerly] [           main] o.apache.catalina.core.StandardService   : Starting service [Tomcat]
2026-10-04T23:21:56.234+05:30  INFO 26340 --- [ledgerly] [           main] o.apache.catalina.core.StandardEngine    : Starting Servlet engine: [Apache Tomcat/10.1.40]
2026-10-04T23:21:56.283+05:30  INFO 26340 --- [ledgerly] [           main] o.a.c.c.C.[Tomcat].[localhost].[/]       : Initializing Spring embedded WebApplicationContext
2026-10-04T23:21:56.284+05:30  INFO 26340 --- [ledgerly] [           main] w.s.c.ServletWebServerApplicationContext : Root WebApplicationContext: initialization completed in 806 ms
2026-10-04T23:21:56.365+05:30  INFO 26340 --- [ledgerly] [           main] com.zaxxer.hikari.HikariDataSource       : HikariPool-1 - Starting...
2026-10-04T23:21:56.529+05:30  INFO 26340 --- [ledgerly] [           main] com.zaxxer.hikari.pool.HikariPool        : HikariPool-1 - Added connection org.postgresql.jdbc.PgConnection@70211df5
2026-10-04T23:21:56.530+05:30  INFO 26340 --- [ledgerly] [           main] com.zaxxer.hikari.HikariDataSource       : HikariPool-1 - Start completed.
2026-10-04T23:21:56.620+05:30  INFO 26340 --- [ledgerly] [           main] o.s.b.a.w.s.WelcomePageHandlerMapping    : Adding welcome page: class path resource [static/index.html]
2026-10-04T23:21:56.860+05:30  INFO 26340 --- [ledgerly] [           main] o.s.b.w.embedded.tomcat.TomcatWebServer  : Tomcat started on port 8081 (http) with context path '/'
2026-10-04T23:21:56.866+05:30  INFO 26340 --- [ledgerly] [           main] com.ledgerly.LedgerlyApplication         : Started LedgerlyApplication in 1.791 seconds (process running for 2.049)
2026-10-04T23:22:20.519+05:30  INFO 26340 --- [ledgerly] [nio-8081-exec-1] o.a.c.c.C.[Tomcat].[localhost].[/]       : Initializing Spring DispatcherServlet 'dispatcherServlet'
2026-10-04T23:22:20.519+05:30  INFO 26340 --- [ledgerly] [nio-8081-exec-1] o.s.web.servlet.DispatcherServlet        : Initializing Servlet 'dispatcherServlet'
2026-10-04T23:22:20.520+05:30  INFO 26340 --- [ledgerly] [nio-8081-exec-1] o.s.web.servlet.DispatcherServlet        : Completed initialization in 1 ms
